[
    {"export_updates_received": 7, 
    "protocol": "BGP", 
    "export_updates_rejected": 3, 
    "import_updates_ignored": 0, 
    "export_updates_accepted": 2, 
    "import_updates_accepted": 3, 
    "routes_imported": 3, 
    "routes_preferred": 3, 
    "routes_filtered": 0, 
    "export_withdraws_accepted": 0, 
    "import_withdraws_accepted": 0, 
    "export_withdraws_received": 0, 
    "state": "Established", 
    "import_withdraws_received": 0, 
    "router_id": "10.0.10.1", 
    "description": "Hub peer session - link_aaa", 
    "import_withdraws_rejected": 0, 
    "import_updates_received": 3, 
    "export_updates_filtered": 2, 
    "address": "192.168.7.0", 
    "import_withdraws_ignored": 0, 
    "asn": "4220000000", 
    "import_updates_filtered": 0, 
    "name": "link_aaa", 
    "up": true, 
    "routes_exported": 2, 
    "last_change": "2019-06-03T00:00:00", 
    "import_updates_rejected": 0,
    "ipv4_state": "UP"
    }
]